// Jest Snapshot v1, https://goo.gl/fbAQLP

exports[`<HomeScreen/> should render and match the snapshot 1`] = `
<div
  class="sc-iqcoie ebqsGN"
>
  <div
    class="sc-crXcEl kQasWi"
    id="user-form"
  >
    <div
      class="sc-dkzDqf hvbjDy"
      id="user-form-header"
    >
      <text
        class="sc-jSMfEi gDoUFc"
      >
        Become a Member
      </text>
      <text
        class="sc-ftvSup dtRnek"
      >
        Enter your valid info to get registered
      </text>
    </div>
    <div
      class="sc-evZas gHCSVc"
    >
      <div
        class="sc-breuTD ggFkQp"
      >
        <label
          class="sc-eCYdqJ dJSjNS"
        >
          Full Name
        </label>
        <input
          class="sc-hKMtZM lpsjZE"
          placeholder="Your full name here"
          type="text"
        />
      </div>
      <div
        class="sc-breuTD ggFkQp"
      >
        <label
          class="sc-eCYdqJ dJSjNS"
        >
          Email Address
        </label>
        <input
          class="sc-hKMtZM lpsjZE"
          placeholder="Your email address here"
          type="text"
        />
      </div>
      <div
        class="sc-breuTD ggFkQp"
      >
        <label
          class="sc-eCYdqJ dJSjNS"
        >
          Company
        </label>
        <input
          class="sc-hKMtZM lpsjZE"
          placeholder="Your Company"
          type="text"
        />
      </div>
      <div
        class="sc-breuTD ggFkQp"
      >
        <label
          class="sc-eCYdqJ dJSjNS"
        >
          Company Website
        </label>
        <input
          class="sc-hKMtZM lpsjZE"
          placeholder="Your Company Website"
          type="text"
        />
      </div>
      <button
        class="sc-gsnTZi hAmfdA"
      >
        Sign Up Now
      </button>
    </div>
  </div>
  <img
    class="sc-ksZaOG dNCRCm"
    src="[object Object]"
  />
</div>
`;
